// Jest Snapshot v1, https://goo.gl/fbAQLP

exports[`Jumbo Test Snapshot 1`] = `
<div
  className="jumbotron"
  style={
    Object {
      "textAlign": "center",
    }
  }
>
  <h1>
    Jumbotron heading
  </h1>
  <p>
    Cras justo odio, dapibus ac facilisis in, egestas eget quam. Fusce dapibus, tellus ac cursus commodo, tortor mauris condimentum nibh, ut fermentum massa justo sit amet risus.
  </p>
  <button
    className="btn btn-success"
    onClick={[Function]}
    type={undefined}
  >
    Sign up today
  </button>
</div>
`;
