// Jest Snapshot v1, https://goo.gl/fbAQLP

exports[`UserProfileTest Snapshot 1`] = `
<div
  className="col"
>
  Loading...
</div>
`;
